RUN_ID=p01-r03-dataset-download-20260702-211428-076136-p1603017-3111dd7
RUN_DIR=/projects/insightx-lab/zhang.yu/LiverTumorClassification/runs/p01-r03-dataset-download-20260702-211428-076136-p1603017-3111dd7
[1/520] 230218a1.tar (387.3 MiB)
[2/520] 230218a10.tar (382.3 MiB)
[3/520] 230218a2.tar (331.6 MiB)
[4/520] 230218a3.tar (295.2 MiB)
[5/520] 230218a4.tar (409.0 MiB)
[6/520] 230218a5.tar (396.5 MiB)
[7/520] 230218a6.tar (339.2 MiB)
[8/520] 230218a7.tar (323.5 MiB)
[9/520] 230218a8.tar (295.2 MiB)
[10/520] 230218a9.tar (276.6 MiB)
[11/520] 230218b1.tar (332.5 MiB)
[12/520] 230218b10.tar (266.0 MiB)
[13/520] 230218b2.tar (271.0 MiB)
[14/520] 230218b3.tar (467.1 MiB)
[15/520] 230218b4.tar (272.0 MiB)
[16/520] 230218b5.tar (368.0 MiB)
[17/520] 230218b6.tar (275.0 MiB)
[18/520] 230218b7.tar (459.7 MiB)
[19/520] 230218b8.tar (266.3 MiB)
[20/520] 230218b9.tar (353.9 MiB)
[21/520] 230218c1.tar (220.4 MiB)
[22/520] 230218c10.tar (276.6 MiB)
[23/520] 230218c3.tar (307.7 MiB)
[24/520] 230218c4.tar (283.8 MiB)
[25/520] 230218c5.tar (322.2 MiB)
[26/520] 230218c6.tar (248.2 MiB)
[27/520] 230218c7.tar (268.0 MiB)
[28/520] 230218c8.tar (283.3 MiB)
[29/520] 230312a1.tar (277.2 MiB)
[30/520] 230312a10.tar (248.8 MiB)
[31/520] 230312a11.tar (260.5 MiB)
[32/520] 230312a12.tar (269.4 MiB)
[33/520] 230312a13.tar (237.0 MiB)
[34/520] 230312a14.tar (345.2 MiB)
[35/520] 230312a15.tar (356.3 MiB)
[36/520] 230312a2.tar (276.2 MiB)
[37/520] 230312a3.tar (260.3 MiB)
[38/520] 230312a4.tar (279.8 MiB)
[39/520] 230312a5.tar (373.5 MiB)
[40/520] 230312a6.tar (280.9 MiB)
[41/520] 230312a7.tar (377.8 MiB)
[42/520] 230312a8.tar (245.6 MiB)
[43/520] 230312a9.tar (300.0 MiB)
[44/520] 230408a1.tar (384.4 MiB)
[45/520] 230408a11.tar (253.6 MiB)
[46/520] 230408a12.tar (287.5 MiB)
[47/520] 230408a13.tar (240.4 MiB)
[48/520] 230408a3.tar (238.4 MiB)
[49/520] 230408a4.tar (268.8 MiB)
[50/520] 230408a5.tar (363.5 MiB)
[51/520] 230408a6.tar (326.8 MiB)
[52/520] 230408a7.tar (405.2 MiB)
[53/520] 230408a8.tar (382.9 MiB)
[54/520] 230408a9.tar (285.6 MiB)
[55/520] 230525a1.tar (253.8 MiB)
[56/520] 230525a2.tar (274.3 MiB)
[57/520] 230525a3.tar (261.6 MiB)
[58/520] 230525a4.tar (388.1 MiB)
[59/520] 230525a5.tar (484.7 MiB)
[60/520] 230525b1.tar (341.7 MiB)
[61/520] 230525b10.tar (504.8 MiB)
[62/520] 230525b2.tar (360.7 MiB)
[63/520] 230525b3.tar (275.5 MiB)
[64/520] 230525b4.tar (222.9 MiB)
[65/520] 230525b5.tar (315.5 MiB)
[66/520] 230525b6.tar (379.0 MiB)
[67/520] 230525b7.tar (279.3 MiB)
[68/520] 230525b8.tar (333.4 MiB)
[69/520] 230525b9.tar (291.1 MiB)
[70/520] 230525c1.tar (340.3 MiB)
[71/520] 230525c10.tar (265.3 MiB)
[72/520] 230525c2.tar (292.0 MiB)
[73/520] 230525c3.tar (346.7 MiB)
[74/520] 230525c4.tar (378.1 MiB)
[75/520] 230525c5.tar (256.5 MiB)
[76/520] 230525c7.tar (244.7 MiB)
[77/520] 230525c8.tar (340.3 MiB)
[78/520] 230525c9.tar (290.4 MiB)
[79/520] 230525d1.tar (308.3 MiB)
[80/520] 230525d10.tar (479.2 MiB)
[81/520] 230525d2.tar (278.7 MiB)
[82/520] 230525d3.tar (223.8 MiB)
[83/520] 230525d4.tar (300.4 MiB)
[84/520] 230525d5.tar (201.3 MiB)
[85/520] 230525d6.tar (224.7 MiB)
[86/520] 230525d7.tar (306.4 MiB)
[87/520] 230525d8.tar (303.9 MiB)
[88/520] 230525d9.tar (273.6 MiB)
[89/520] 230816b01.tar (307.7 MiB)
[90/520] 230816b02.tar (369.5 MiB)
[91/520] 230816b03.tar (346.1 MiB)
[92/520] 230816b04.tar (288.7 MiB)
[93/520] 230816b05.tar (237.3 MiB)
[94/520] 230816b06.tar (320.1 MiB)
[95/520] 230816b07.tar (297.6 MiB)
[96/520] 230816b08.tar (297.1 MiB)
[97/520] 230816b09.tar (255.7 MiB)
[98/520] 230816b10.tar (342.2 MiB)
[99/520] 230816b11.tar (327.2 MiB)
[100/520] 230816b12.tar (507.7 MiB)
[101/520] 230816b13.tar (306.2 MiB)
[102/520] 230816b14.tar (300.8 MiB)
[103/520] 230816b15.tar (399.8 MiB)
[104/520] 230906d01.tar (307.5 MiB)
[105/520] 230906d02.tar (159.0 MiB)
[106/520] 230906d03.tar (214.5 MiB)
[107/520] 230906d04.tar (356.4 MiB)
[108/520] 230906d05.tar (459.5 MiB)
[109/520] 230906d06.tar (384.0 MiB)
[110/520] 230906d07.tar (178.5 MiB)
[111/520] 230906d08.tar (221.9 MiB)
[112/520] 230906d09.tar (351.6 MiB)
[113/520] 230906d10.tar (179.3 MiB)
[114/520] 230906d11.tar (270.5 MiB)
[115/520] 230906d12.tar (135.4 MiB)
[116/520] 230906d13.tar (367.0 MiB)
[117/520] 230906d14.tar (411.7 MiB)
[118/520] 230906d15.tar (454.6 MiB)
[119/520] 231025c01.tar (356.7 MiB)
[120/520] 231025c02.tar (411.2 MiB)
[121/520] 231025c03.tar (365.1 MiB)
[122/520] 231025c04.tar (277.8 MiB)
[123/520] 231025c05.tar (272.5 MiB)
[124/520] 231025c06.tar (254.7 MiB)
[125/520] 231025c07.tar (276.2 MiB)
[126/520] 231025c08.tar (372.3 MiB)
[127/520] 231025c09.tar (285.9 MiB)
[128/520] 231025c10.tar (367.0 MiB)
[129/520] 231025c11.tar (308.8 MiB)
[130/520] 231025c12.tar (346.9 MiB)
[131/520] 231025c13.tar (404.8 MiB)
[132/520] 231025c14.tar (348.9 MiB)
[133/520] 231025c15.tar (267.1 MiB)
[134/520] 231025c16.tar (356.5 MiB)
[135/520] 231025c17.tar (342.0 MiB)
[136/520] 231025c18.tar (266.6 MiB)
[137/520] 231025c19.tar (323.4 MiB)
[138/520] 231025c20.tar (237.7 MiB)
[139/520] 231025c21.tar (255.4 MiB)
[140/520] 231025c22.tar (277.2 MiB)
[141/520] 231025c23.tar (271.1 MiB)
[142/520] 231025c24.tar (291.2 MiB)
[143/520] 231025c25.tar (288.8 MiB)
[144/520] 231025c26.tar (316.5 MiB)
[145/520] 231025c27.tar (443.5 MiB)
[146/520] 231025c28.tar (314.2 MiB)
[147/520] 231025c29.tar (267.0 MiB)
[148/520] 231025c30.tar (267.2 MiB)
[149/520] 231025c31.tar (324.7 MiB)
[150/520] 231025c32.tar (281.3 MiB)
[151/520] 231025c33.tar (305.5 MiB)
[152/520] 231025c34.tar (334.7 MiB)
[153/520] 231025c35.tar (420.4 MiB)
[154/520] 231109b01.tar (443.0 MiB)
[155/520] 231109b02.tar (261.0 MiB)
[156/520] 231109b03.tar (411.9 MiB)
[157/520] 231109b04.tar (352.3 MiB)
[158/520] 231109b05.tar (406.0 MiB)
[159/520] 231109b06.tar (292.9 MiB)
[160/520] 231109b07.tar (275.3 MiB)
[161/520] 231109b08.tar (317.2 MiB)
[162/520] 231109b09.tar (322.2 MiB)
[163/520] 231109b10.tar (265.6 MiB)
[164/520] 231109b11.tar (284.7 MiB)
[165/520] 231109b12.tar (383.3 MiB)
[166/520] 231109b13.tar (278.0 MiB)
[167/520] 231109b14.tar (313.7 MiB)
[168/520] 231109b15.tar (384.5 MiB)
[169/520] 231109b16.tar (257.4 MiB)
[170/520] 231109b17.tar (235.9 MiB)
[171/520] 231109b18.tar (313.2 MiB)
[172/520] 231109b19.tar (296.4 MiB)
[173/520] 231206d01.tar (216.0 MiB)
[174/520] 231206d02.tar (312.1 MiB)
[175/520] 231206d03.tar (417.8 MiB)
[176/520] 231206d04.tar (188.9 MiB)
[177/520] 231206d05.tar (454.3 MiB)
[178/520] 231206d06.tar (174.7 MiB)
[179/520] 231206d07.tar (449.4 MiB)
[180/520] 231206d08.tar (357.3 MiB)
[181/520] 231206d09.tar (432.6 MiB)
[182/520] 231206d10.tar (172.5 MiB)
[183/520] 231206d12.tar (389.6 MiB)
[184/520] 231206d13.tar (151.4 MiB)
[185/520] 231206d14.tar (438.1 MiB)
[186/520] 231206d15.tar (203.8 MiB)
[187/520] 231206d16.tar (396.1 MiB)
[188/520] 231206d18.tar (198.3 MiB)
[189/520] 231206d19.tar (184.3 MiB)
[190/520] 231206d20.tar (413.3 MiB)
[191/520] 240112d11.tar (382.4 MiB)
[192/520] 240112d17.tar (447.3 MiB)
[193/520] 240112d21.tar (431.9 MiB)
[194/520] 240112d23.tar (193.1 MiB)
[195/520] 240112d24.tar (410.9 MiB)
[196/520] 240112d25.tar (513.4 MiB)
[197/520] 240112d26.tar (170.2 MiB)
[198/520] 240112d27.tar (174.1 MiB)
[199/520] 240112d28.tar (403.1 MiB)
[200/520] 240112d29.tar (176.6 MiB)
[201/520] 240112d30.tar (189.0 MiB)
[202/520] 240112d31.tar (330.9 MiB)
[203/520] 240112d32.tar (196.7 MiB)
[204/520] 240112d33.tar (208.7 MiB)
[205/520] 240112d34.tar (202.2 MiB)
[206/520] 240112d35.tar (217.2 MiB)
[207/520] 240112d36.tar (477.6 MiB)
[208/520] 240112d37.tar (533.9 MiB)
[209/520] 240112d38.tar (497.1 MiB)
[210/520] 240112d39.tar (337.1 MiB)
[211/520] 240112d40.tar (197.2 MiB)
[212/520] 240112d41.tar (172.4 MiB)
[213/520] 240112d42.tar (462.2 MiB)
[214/520] 240112d43.tar (279.7 MiB)
[215/520] 240112d44.tar (429.9 MiB)
[216/520] 240122d22.tar (358.8 MiB)
[217/520] 240122d45.tar (338.0 MiB)
[218/520] 240122d46.tar (196.7 MiB)
[219/520] 240122d47.tar (282.9 MiB)
[220/520] 240122d48.tar (165.4 MiB)
[221/520] 240122d49.tar (343.2 MiB)
[222/520] 240122d50.tar (344.4 MiB)
[223/520] 240122d51.tar (298.1 MiB)
[224/520] 240122d52.tar (285.8 MiB)
[225/520] 240122d53.tar (191.7 MiB)
[226/520] 240122d54.tar (299.4 MiB)
[227/520] 240122d55.tar (176.8 MiB)
[228/520] 240122d56.tar (354.0 MiB)
[229/520] 240122d57.tar (375.7 MiB)
[230/520] 240122d58.tar (416.5 MiB)
[231/520] 240122d59.tar (204.2 MiB)
[232/520] 240122d60.tar (466.8 MiB)
[233/520] 240122d61.tar (172.9 MiB)
[234/520] 240122d62.tar (376.9 MiB)
[235/520] 240122d63.tar (318.7 MiB)
[236/520] 240122d64.tar (304.6 MiB)
[237/520] 240122d65.tar (151.2 MiB)
[238/520] 240122d66.tar (491.2 MiB)
[239/520] 240122d67.tar (260.9 MiB)
[240/520] 240122d68.tar (169.6 MiB)
[241/520] 240122d69.tar (139.2 MiB)
[242/520] 240122d70.tar (179.6 MiB)
[243/520] 240122d71.tar (383.1 MiB)
[244/520] 240122d72.tar (177.7 MiB)
[245/520] 240122d73.tar (378.9 MiB)
[246/520] 240122d74.tar (305.3 MiB)
[247/520] 240122d75.tar (174.9 MiB)
[248/520] 240229c01.tar (312.1 MiB)
[249/520] 240229c02.tar (358.4 MiB)
[250/520] 240229c03.tar (286.3 MiB)
[251/520] 240229c04.tar (357.4 MiB)
[252/520] 240229c05.tar (268.6 MiB)
[253/520] 240229c06.tar (307.6 MiB)
[254/520] 240229c07.tar (358.4 MiB)
[255/520] 240229c08.tar (241.1 MiB)
[256/520] 240229c09.tar (294.7 MiB)
[257/520] 240229c10.tar (298.3 MiB)
[258/520] 240229c11.tar (292.2 MiB)
[259/520] 240229c12.tar (424.3 MiB)
[260/520] 240229c13.tar (275.6 MiB)
[261/520] 240229c14.tar (382.0 MiB)
[262/520] 240229c15.tar (338.3 MiB)
[263/520] 240229c16.tar (310.1 MiB)
[264/520] 240229c17.tar (263.5 MiB)
[265/520] 240229c18.tar (287.9 MiB)
[266/520] 240229c19.tar (298.3 MiB)
[267/520] 240229c20.tar (466.3 MiB)
[268/520] 240229c22.tar (270.3 MiB)
[269/520] 240229c23.tar (272.2 MiB)
[270/520] 240229c24.tar (294.3 MiB)
[271/520] 240229c25.tar (254.1 MiB)
[272/520] 240229c26.tar (261.8 MiB)
[273/520] 240229c27.tar (415.4 MiB)
[274/520] 240229c28.tar (266.5 MiB)
[275/520] 240229c29.tar (273.5 MiB)
[276/520] 240229c30.tar (263.3 MiB)
[277/520] 240229c31.tar (290.2 MiB)
[278/520] 240229c32.tar (289.6 MiB)
[279/520] 240229c33.tar (267.7 MiB)
[280/520] 240229c34.tar (261.4 MiB)
[281/520] 240229c35.tar (309.4 MiB)
[282/520] 240229c36.tar (267.3 MiB)
[283/520] 240229c37.tar (316.2 MiB)
[284/520] 240229c38.tar (321.0 MiB)
[285/520] 240229c39.tar (266.0 MiB)
[286/520] 240229c40.tar (284.2 MiB)
[287/520] 240229c41.tar (305.2 MiB)
[288/520] 240229c43.tar (267.9 MiB)
[289/520] 240229c44.tar (312.7 MiB)
[290/520] 240229c45.tar (290.6 MiB)
[291/520] 240229c47.tar (183.7 MiB)
[292/520] 240504a06.tar (256.7 MiB)
[293/520] 240504a07.tar (246.9 MiB)
[294/520] 240504a08.tar (368.7 MiB)
[295/520] 240504a09.tar (224.3 MiB)
[296/520] 240504a10.tar (416.5 MiB)
[297/520] 240504a11.tar (343.6 MiB)
[298/520] 240504a12.tar (245.8 MiB)
[299/520] 240504a13.tar (378.2 MiB)
[300/520] 240504a14.tar (280.7 MiB)
[301/520] 240504a15.tar (268.3 MiB)
[302/520] 240504b01.tar (274.4 MiB)
[303/520] 240504b02.tar (278.1 MiB)
[304/520] 240504b03.tar (324.1 MiB)
[305/520] 240504b04.tar (302.6 MiB)
[306/520] 240504b05.tar (266.9 MiB)
[307/520] 240504b06.tar (409.7 MiB)
[308/520] 240504b07.tar (478.1 MiB)
[309/520] 240504b08.tar (266.9 MiB)
[310/520] 240504b09.tar (331.2 MiB)
[311/520] 240504b10.tar (306.7 MiB)
[312/520] 240504b11.tar (421.6 MiB)
[313/520] 240504b12.tar (265.0 MiB)
[314/520] 240504b13.tar (362.3 MiB)
[315/520] 240504b14.tar (340.3 MiB)
[316/520] 240504b15.tar (461.9 MiB)
[317/520] 240504b16.tar (281.7 MiB)
[318/520] 240504b17.tar (320.8 MiB)
[319/520] 240504b18.tar (558.8 MiB)
[320/520] 240504b19.tar (261.7 MiB)
[321/520] 240504b20.tar (297.8 MiB)
[322/520] 240504b21.tar (415.1 MiB)
[323/520] 240504b22.tar (274.4 MiB)
[324/520] 240504b23.tar (413.2 MiB)
[325/520] 240504b24.tar (428.2 MiB)
[326/520] 240504b25.tar (269.2 MiB)
[327/520] 240504b26.tar (409.7 MiB)
[328/520] 240504b27.tar (279.6 MiB)
[329/520] 240504b28.tar (431.3 MiB)
[330/520] 240504b29.tar (346.4 MiB)
[331/520] 240504b30.tar (432.2 MiB)
[332/520] 240504b31.tar (290.7 MiB)
[333/520] 240504b32.tar (265.8 MiB)
[334/520] 240504b33.tar (268.3 MiB)
[335/520] 240504b34.tar (411.3 MiB)
[336/520] 240504b36.tar (308.1 MiB)
[337/520] 240504b37.tar (305.5 MiB)
[338/520] 240504b38.tar (382.3 MiB)
[339/520] 240504b39.tar (326.7 MiB)
[340/520] 240504b40.tar (416.9 MiB)
[341/520] 240504b41.tar (402.8 MiB)
[342/520] 240504b42.tar (268.7 MiB)
[343/520] 240504b43.tar (263.0 MiB)
[344/520] 240504b44.tar (266.7 MiB)
[345/520] 240504b45.tar (293.6 MiB)
[346/520] 240504b46.tar (296.3 MiB)
[347/520] 240504b47.tar (302.5 MiB)
[348/520] 240504b48.tar (426.3 MiB)
[349/520] 240504b49.tar (399.8 MiB)
[350/520] 240504b50.tar (442.5 MiB)
[351/520] 240504e01.tar (394.5 MiB)
[352/520] 240504e02.tar (442.8 MiB)
[353/520] 240504e03.tar (416.6 MiB)
[354/520] 240504e04.tar (397.2 MiB)
[355/520] 240504e05.tar (357.8 MiB)
[356/520] 240504e06.tar (411.9 MiB)
[357/520] 240504e07.tar (429.3 MiB)
[358/520] 240504e08.tar (431.3 MiB)
[359/520] 240504e09.tar (308.1 MiB)
[360/520] 240504e10.tar (451.8 MiB)
[361/520] 240504e11.tar (353.7 MiB)
[362/520] 240504e12.tar (336.0 MiB)
[363/520] 240504e13.tar (301.5 MiB)
[364/520] 240504e14.tar (375.3 MiB)
[365/520] 240504e15.tar (429.3 MiB)
[366/520] 240504e16.tar (444.8 MiB)
[367/520] 240504e17.tar (427.6 MiB)
[368/520] 240504e18.tar (369.1 MiB)
[369/520] 240504e19.tar (312.6 MiB)
[370/520] 240504e20.tar (343.6 MiB)
[371/520] 240504e21.tar (347.3 MiB)
[372/520] 240504e22.tar (418.9 MiB)
[373/520] 240504e23.tar (345.2 MiB)
[374/520] 240504e24.tar (387.8 MiB)
[375/520] 240504e25.tar (414.8 MiB)
[376/520] 240504e26.tar (398.8 MiB)
[377/520] 240504e27.tar (406.0 MiB)
[378/520] 240504e28.tar (450.9 MiB)
[379/520] 240504e29.tar (354.5 MiB)
[380/520] 240504e30.tar (359.2 MiB)
[381/520] 240504e31.tar (388.1 MiB)
[382/520] 240504e32.tar (335.3 MiB)
[383/520] 240504e33.tar (404.9 MiB)
[384/520] 240504e34.tar (414.9 MiB)
[385/520] 240504e35.tar (353.2 MiB)
[386/520] 240504e36.tar (453.1 MiB)
[387/520] 240504e38.tar (461.8 MiB)
[388/520] 240504e39.tar (266.8 MiB)
[389/520] 240504e40.tar (393.4 MiB)
[390/520] 240504e41.tar (377.0 MiB)
[391/520] 240504e42.tar (508.1 MiB)
[392/520] 240504e43.tar (403.7 MiB)
[393/520] 240504e44.tar (395.1 MiB)
[394/520] 240504e45.tar (412.4 MiB)
[395/520] 240504e46.tar (417.8 MiB)
[396/520] 240504e47.tar (268.8 MiB)
[397/520] 240504e48.tar (381.4 MiB)
[398/520] 240504e49.tar (394.0 MiB)
[399/520] 240504e50.tar (418.6 MiB)
[400/520] 240620a01.tar (433.6 MiB)
[401/520] 240620a02.tar (398.4 MiB)
[402/520] 240620a03.tar (233.5 MiB)
[403/520] 240620a04.tar (375.4 MiB)
[404/520] 240620a05.tar (350.2 MiB)
[405/520] 240620a06.tar (359.1 MiB)
[406/520] 240620a07.tar (258.3 MiB)
[407/520] 240620a08.tar (306.5 MiB)
[408/520] 240620a09.tar (292.6 MiB)
[409/520] 240620a10.tar (375.0 MiB)
[410/520] 240620a11.tar (375.0 MiB)
[411/520] 240620a12.tar (208.5 MiB)
[412/520] 240620a13.tar (265.3 MiB)
[413/520] 240620a14.tar (393.3 MiB)
[414/520] 240620a15.tar (282.5 MiB)
[415/520] 240620a16.tar (280.3 MiB)
[416/520] 240620a17.tar (289.6 MiB)
[417/520] 240620a18.tar (274.2 MiB)
[418/520] 240620a19.tar (396.8 MiB)
[419/520] 240620a20.tar (458.8 MiB)
[420/520] 240620a21.tar (306.6 MiB)
[421/520] 240620a22.tar (314.9 MiB)
[422/520] 240620a23.tar (366.8 MiB)
[423/520] 240620a24.tar (381.6 MiB)
[424/520] 240620a25.tar (349.1 MiB)
[425/520] 240620a26.tar (431.7 MiB)
[426/520] 240620a27.tar (397.5 MiB)
[427/520] 240620a28.tar (413.4 MiB)
[428/520] 240620a29.tar (245.3 MiB)
[429/520] 240620a30.tar (357.2 MiB)
[430/520] 240620a31.tar (378.5 MiB)
[431/520] 240620a32.tar (297.8 MiB)
[432/520] 240620a33.tar (257.6 MiB)
[433/520] 240620a34.tar (344.2 MiB)
[434/520] 240620a35.tar (373.0 MiB)
[435/520] 240620a36.tar (361.5 MiB)
[436/520] 240620a37.tar (280.9 MiB)
[437/520] 240620a38.tar (359.2 MiB)
[438/520] 240620a39.tar (394.2 MiB)
[439/520] 240620a40.tar (260.0 MiB)
[440/520] 240620a41.tar (312.1 MiB)
[441/520] 240620a42.tar (259.2 MiB)
[442/520] 240620a43.tar (289.9 MiB)
[443/520] 240620a44.tar (310.6 MiB)
[444/520] 240620a45.tar (407.8 MiB)
[445/520] 240620a46.tar (259.4 MiB)
[446/520] 240620a47.tar (309.2 MiB)
[447/520] 240620a48.tar (326.4 MiB)
[448/520] 240620a49.tar (335.8 MiB)
[449/520] 240620a50.tar (377.9 MiB)
[450/520] 240620a51.tar (287.5 MiB)
[451/520] 240620a52.tar (431.3 MiB)
[452/520] 240620a53.tar (363.4 MiB)
[453/520] 240620a54.tar (376.2 MiB)
[454/520] 240620a55.tar (302.8 MiB)
[455/520] 240620a57.tar (340.3 MiB)
[456/520] 240620a58.tar (403.8 MiB)
[457/520] 240620a59.tar (237.4 MiB)
[458/520] 240620a60.tar (359.5 MiB)
[459/520] 240620a61.tar (460.8 MiB)
[460/520] 240620a62.tar (377.3 MiB)
[461/520] 240620a63.tar (271.4 MiB)
[462/520] 240620a64.tar (325.5 MiB)
[463/520] 240620a65.tar (415.0 MiB)
[464/520] 240722e100.tar (424.4 MiB)
[465/520] 240722e101.tar (331.1 MiB)
[466/520] 240722e102.tar (424.6 MiB)
[467/520] 240722e103.tar (319.8 MiB)
[468/520] 240722e104.tar (446.3 MiB)
[469/520] 240722e51.tar (451.8 MiB)
[470/520] 240722e52.tar (327.9 MiB)
[471/520] 240722e53.tar (375.6 MiB)
[472/520] 240722e54.tar (406.5 MiB)
[473/520] 240722e55.tar (434.8 MiB)
[474/520] 240722e56.tar (391.7 MiB)
[475/520] 240722e57.tar (404.5 MiB)
[476/520] 240722e58.tar (364.4 MiB)
[477/520] 240722e59.tar (403.9 MiB)
[478/520] 240722e60.tar (403.0 MiB)
[479/520] 240722e61.tar (366.0 MiB)
[480/520] 240722e62.tar (383.5 MiB)
[481/520] 240722e63.tar (433.2 MiB)
[482/520] 240722e64.tar (378.0 MiB)
[483/520] 240722e65.tar (409.4 MiB)
[484/520] 240722e66.tar (435.0 MiB)
[485/520] 240722e67.tar (327.2 MiB)
[486/520] 240722e68.tar (393.2 MiB)
[487/520] 240722e69.tar (345.3 MiB)
[488/520] 240722e70.tar (392.2 MiB)
[489/520] 240722e71.tar (362.5 MiB)
[490/520] 240722e72.tar (429.8 MiB)
[491/520] 240722e73.tar (342.4 MiB)
[492/520] 240722e74.tar (278.3 MiB)
[493/520] 240722e75.tar (361.6 MiB)
[494/520] 240722e76.tar (397.7 MiB)
[495/520] 240722e77.tar (414.5 MiB)
[496/520] 240722e78.tar (357.2 MiB)
[497/520] 240722e79.tar (415.3 MiB)
[498/520] 240722e80.tar (388.2 MiB)
[499/520] 240722e81.tar (417.1 MiB)
[500/520] 240722e82.tar (379.0 MiB)
[501/520] 240722e83.tar (450.4 MiB)
[502/520] 240722e84.tar (428.6 MiB)
[503/520] 240722e85.tar (470.2 MiB)
[504/520] 240722e86.tar (363.0 MiB)
[505/520] 240722e87.tar (409.3 MiB)
[506/520] 240722e88.tar (417.5 MiB)
[507/520] 240722e89.tar (378.6 MiB)
[508/520] 240722e90.tar (424.0 MiB)
[509/520] 240722e91.tar (448.3 MiB)
[510/520] 240722e92.tar (441.8 MiB)
[511/520] 240722e93.tar (421.8 MiB)
[512/520] 240722e94.tar (498.1 MiB)
[513/520] 240722e95.tar (353.3 MiB)
[514/520] 240722e96.tar (405.0 MiB)
[515/520] 240722e97.tar (379.7 MiB)
[516/520] 240722e98.tar (335.6 MiB)
[517/520] 240722e99.tar (403.1 MiB)
[518/520] MCT_LTDiag_download.ipynb (0.0 MiB)
[519/520] meta_info_patient.tab (0.0 MiB)
[520/520] meta_info_tumor.tab (0.0 MiB)
Selected 520 / 520 Dataverse files (167.75 GiB; estimated workspace 268.40 GiB)
Run completed successfully in 3913.4s
